Component: ARM Compiler 5.06 (build 20) Tool: armlink [4d35a3]

==============================================================================

Section Cross References

    main.o(i.main) refers to led.o(i.Init_Led) for Init_Led
    main.o(i.main) refers to pit.o(i.Pit_Delay_ms) for Pit_Delay_ms
    main.o(i.main) refers to led.o(i.Toggle_Led_Num) for Toggle_Led_Num
    nixie_tube.o(i.Light_Nixie_Tube_Num) refers to nixie_tube.o(.constdata) for Nixie_Tube_Num
    nixie_tube.o(i.Light_Nixie_Tube_NumWithPoint) refers to nixie_tube.o(.constdata) for Nixie_Tube_Num
    nixie_tube.o(i.Tube_Negative_Count_Num) refers to key.o(i.Key_Scan) for Key_Scan
    nixie_tube.o(i.Tube_Negative_Count_Num) refers to nixie_tube.o(i.Light_Nixie_Tube_Num) for Light_Nixie_Tube_Num
    nixie_tube.o(i.Tube_Negative_Count_Num) refers to nixie_tube.o(i.Light_Nixie_Tube) for Light_Nixie_Tube
    nixie_tube.o(i.Tube_Negative_Count_Num) refers to systick.o(i.SysTick_Delay_ms) for SysTick_Delay_ms
    nixie_tube.o(i.Tube_Negative_Count_Num) refers to main.o(.data) for Count_State
    nixie_tube.o(i.Tube_Pause_Count) refers to key.o(i.Key_Scan) for Key_Scan
    nixie_tube.o(i.Tube_Pause_Count) refers to nixie_tube.o(i.Light_Nixie_Tube_Num) for Light_Nixie_Tube_Num
    nixie_tube.o(i.Tube_Pause_Count) refers to nixie_tube.o(i.Light_Nixie_Tube) for Light_Nixie_Tube
    nixie_tube.o(i.Tube_Pause_Count) refers to systick.o(i.SysTick_Delay_ms) for SysTick_Delay_ms
    nixie_tube.o(i.Tube_Pause_Count) refers to main.o(.data) for Count_State
    nixie_tube.o(i.Tube_Positive_Count) refers to key.o(i.Key_Scan) for Key_Scan
    nixie_tube.o(i.Tube_Positive_Count) refers to nixie_tube.o(i.Light_Nixie_Tube_Num) for Light_Nixie_Tube_Num
    nixie_tube.o(i.Tube_Positive_Count) refers to nixie_tube.o(i.Light_Nixie_Tube) for Light_Nixie_Tube
    nixie_tube.o(i.Tube_Positive_Count) refers to systick.o(i.SysTick_Delay_ms) for SysTick_Delay_ms
    nixie_tube.o(i.Tube_Positive_Count) refers to main.o(.data) for Count_State
    nixie_tube.o(i.Tube_Time_Count) refers to key.o(i.Key_Scan) for Key_Scan
    nixie_tube.o(i.Tube_Time_Count) refers to nixie_tube.o(i.Light_Nixie_Tube_Num) for Light_Nixie_Tube_Num
    nixie_tube.o(i.Tube_Time_Count) refers to nixie_tube.o(i.Light_Nixie_Tube) for Light_Nixie_Tube
    nixie_tube.o(i.Tube_Time_Count) refers to systick.o(i.SysTick_Delay_ms) for SysTick_Delay_ms
    nixie_tube.o(i.Tube_Time_Count) refers to main.o(.data) for Count_State
    key.o(i.Enable_Key_Interrupt) refers to interrupt.o(i.Enable_Interrupt_IRQ) for Enable_Interrupt_IRQ
    key.o(i.Key_Scan) refers to key.o(.bss) for Key_Flag
    key.o(i.Key_Scan) refers to key.o(.constdata) for Key_Matrix_Scan_Sequence
    interrupt.o(i.PORTC_IRQHandler) refers to key.o(i.Key_Scan) for Key_Scan
    interrupt.o(i.PORTC_IRQHandler) refers to uart.o(i.UART2_TransmitString) for UART2_TransmitString
    interrupt.o(i.PORTC_IRQHandler) refers to main.o(.data) for Count_State
    interrupt.o(i.PORTC_IRQHandler) refers to key.o(.bss) for Key_Flag
    interrupt.o(i.UART2_RX_TX_IRQHandler) refers to uart.o(i.UART2_ReceiveChar) for UART2_ReceiveChar
    interrupt.o(i.UART2_RX_TX_IRQHandler) refers to main.o(.data) for StartSend
    uart.o(i.UART2_TransmitString) refers to strlen.o(.text) for strlen
    uart.o(i.UART2_TransmitString) refers to uart.o(i.UART2_TransmitChar) for UART2_TransmitChar
    adc.o(i.Init_ADC0) refers to interrupt.o(i.Enable_Interrupt_IRQ) for Enable_Interrupt_IRQ
    startup_mk60d10.o(RESET) refers to startup_mk60d10.o(STACK) for __initial_sp
    startup_mk60d10.o(RESET) refers to startup_mk60d10.o(.text) for Reset_Handler
    startup_mk60d10.o(RESET) refers to interrupt.o(i.UART2_RX_TX_IRQHandler) for UART2_RX_TX_IRQHandler
    startup_mk60d10.o(RESET) refers to interrupt.o(i.PORTC_IRQHandler) for PORTC_IRQHandler
    startup_mk60d10.o(.text) refers to system_mk60d10.o(i.SystemInit) for SystemInit
    startup_mk60d10.o(.text) refers to entry.o(.ARM.Collect$$$$00000000) for __main
    system_mk60d10.o(i.SystemCoreClockUpdate) refers to system_mk60d10.o(.data) for SystemCoreClock
    entry.o(.ARM.Collect$$$$00000000) refers (Special) to entry10a.o(.ARM.Collect$$$$0000000D) for __rt_final_cpp
    entry.o(.ARM.Collect$$$$00000000) refers (Special) to entry11a.o(.ARM.Collect$$$$0000000F) for __rt_final_exit
    entry.o(.ARM.Collect$$$$00000000) refers (Special) to entry7b.o(.ARM.Collect$$$$00000008) for _main_clock
    entry.o(.ARM.Collect$$$$00000000) refers (Special) to entry8b.o(.ARM.Collect$$$$0000000A) for _main_cpp_init
    entry.o(.ARM.Collect$$$$00000000) refers (Special) to entry9a.o(.ARM.Collect$$$$0000000B) for _main_init
    entry.o(.ARM.Collect$$$$00000000) refers (Special) to entry5.o(.ARM.Collect$$$$00000004) for _main_scatterload
    entry.o(.ARM.Collect$$$$00000000) refers (Special) to entry2.o(.ARM.Collect$$$$00000001) for _main_stk
    entry2.o(.ARM.Collect$$$$00000001) refers to entry2.o(.ARM.Collect$$$$00002712) for __lit__00000000
    entry2.o(.ARM.Collect$$$$00002712) refers to startup_mk60d10.o(STACK) for __initial_sp
    entry2.o(__vectab_stack_and_reset_area) refers to startup_mk60d10.o(STACK) for __initial_sp
    entry2.o(__vectab_stack_and_reset_area) refers to entry.o(.ARM.Collect$$$$00000000) for __main
    entry5.o(.ARM.Collect$$$$00000004) refers to init.o(.text) for __scatterload
    entry9a.o(.ARM.Collect$$$$0000000B) refers to main.o(i.main) for main
    entry9b.o(.ARM.Collect$$$$0000000C) refers to main.o(i.main) for main
    init.o(.text) refers to entry5.o(.ARM.Collect$$$$00000004) for __main_after_scatterload


==============================================================================

Removing Unused input sections from the image.

    Removing main.o(.rev16_text), (4 bytes).
    Removing main.o(.revsh_text), (4 bytes).
    Removing main.o(.rrx_text), (6 bytes).
    Removing nixie_tube.o(.rev16_text), (4 bytes).
    Removing nixie_tube.o(.revsh_text), (4 bytes).
    Removing nixie_tube.o(.rrx_text), (6 bytes).
    Removing nixie_tube.o(i.Init_Nixie_Tube), (136 bytes).
    Removing nixie_tube.o(i.Light_Nixie_Tube), (60 bytes).
    Removing nixie_tube.o(i.Light_Nixie_Tube_Num), (56 bytes).
    Removing nixie_tube.o(i.Light_Nixie_Tube_NumWithPoint), (64 bytes).
    Removing nixie_tube.o(i.Tube_Negative_Count_Num), (212 bytes).
    Removing nixie_tube.o(i.Tube_Pause_Count), (92 bytes).
    Removing nixie_tube.o(i.Tube_Positive_Count), (184 bytes).
    Removing nixie_tube.o(i.Tube_Time_Count), (184 bytes).
    Removing nixie_tube.o(.constdata), (10 bytes).
    Removing led.o(.rev16_text), (4 bytes).
    Removing led.o(.revsh_text), (4 bytes).
    Removing led.o(.rrx_text), (6 bytes).
    Removing led.o(i.Light_Led_Num), (56 bytes).
    Removing key.o(.rev16_text), (4 bytes).
    Removing key.o(.revsh_text), (4 bytes).
    Removing key.o(.rrx_text), (6 bytes).
    Removing key.o(i.Enable_Key_Interrupt), (128 bytes).
    Removing key.o(i.Init_Key), (196 bytes).
    Removing interrupt.o(.rev16_text), (4 bytes).
    Removing interrupt.o(.revsh_text), (4 bytes).
    Removing interrupt.o(.rrx_text), (6 bytes).
    Removing interrupt.o(i.Disable_Interrupt_IRQ), (52 bytes).
    Removing interrupt.o(i.Enable_Interrupt_IRQ), (88 bytes).
    Removing general_function.o(.rev16_text), (4 bytes).
    Removing general_function.o(.revsh_text), (4 bytes).
    Removing general_function.o(.rrx_text), (6 bytes).
    Removing systick.o(.rev16_text), (4 bytes).
    Removing systick.o(.revsh_text), (4 bytes).
    Removing systick.o(.rrx_text), (6 bytes).
    Removing systick.o(i.SysTick_Delay_ms), (144 bytes).
    Removing uart.o(.rev16_text), (4 bytes).
    Removing uart.o(.revsh_text), (4 bytes).
    Removing uart.o(.rrx_text), (6 bytes).
    Removing uart.o(i.Init_UART), (232 bytes).
    Removing pit.o(.rev16_text), (4 bytes).
    Removing pit.o(.revsh_text), (4 bytes).
    Removing pit.o(.rrx_text), (6 bytes).
    Removing adc.o(.rev16_text), (4 bytes).
    Removing adc.o(.revsh_text), (4 bytes).
    Removing adc.o(.rrx_text), (6 bytes).
    Removing adc.o(i.ADC0_Start), (20 bytes).
    Removing adc.o(i.Init_ADC0), (72 bytes).
    Removing startup_mk60d10.o(HEAP), (0 bytes).
    Removing system_mk60d10.o(.rev16_text), (4 bytes).
    Removing system_mk60d10.o(.revsh_text), (4 bytes).
    Removing system_mk60d10.o(.rrx_text), (6 bytes).
    Removing system_mk60d10.o(i.SystemCoreClockUpdate), (344 bytes).
    Removing system_mk60d10.o(.data), (4 bytes).

54 unused section(s) (total 2488 bytes) removed from the image.

==============================================================================

Image Symbol Table

    Local Symbols

    Symbol Name                              Value     Ov Type        Size  Object(Section)

    RESET                                    0x00000000   Section     1024  startup_mk60d10.o(RESET)
    ../clib/microlib/init/entry.s            0x00000000   Number         0  entry10b.o ABSOLUTE
    ../clib/microlib/init/entry.s            0x00000000   Number         0  entry7b.o ABSOLUTE
    ../clib/microlib/init/entry.s            0x00000000   Number         0  entry11b.o ABSOLUTE
    ../clib/microlib/init/entry.s            0x00000000   Number         0  entry7a.o ABSOLUTE
    ../clib/microlib/init/entry.s            0x00000000   Number         0  entry11a.o ABSOLUTE
    ../clib/microlib/init/entry.s            0x00000000   Number         0  entry10a.o ABSOLUTE
    ../clib/microlib/init/entry.s            0x00000000   Number         0  entry9a.o ABSOLUTE
    ../clib/microlib/init/entry.s            0x00000000   Number         0  entry8b.o ABSOLUTE
    ../clib/microlib/init/entry.s            0x00000000   Number         0  entry5.o ABSOLUTE
    ../clib/microlib/init/entry.s            0x00000000   Number         0  entry8a.o ABSOLUTE
    ../clib/microlib/init/entry.s            0x00000000   Number         0  entry2.o ABSOLUTE
    ../clib/microlib/init/entry.s            0x00000000   Number         0  entry9b.o ABSOLUTE
    ../clib/microlib/init/entry.s            0x00000000   Number         0  entry.o ABSOLUTE
    ../clib/microlib/string/strlen.c         0x00000000   Number         0  strlen.o ABSOLUTE
    ..\User\main.c                           0x00000000   Number         0  main.o ABSOLUTE
    ..\\User\\main.c                         0x00000000   Number         0  main.o ABSOLUTE
    ..\\personal function library\\adc.c     0x00000000   Number         0  adc.o ABSOLUTE
    ..\\personal function library\\general_function.c 0x00000000   Number         0  general_function.o ABSOLUTE
    ..\\personal function library\\interrupt.c 0x00000000   Number         0  interrupt.o ABSOLUTE
    ..\\personal function library\\key.c     0x00000000   Number         0  key.o ABSOLUTE
    ..\\personal function library\\led.c     0x00000000   Number         0  led.o ABSOLUTE
    ..\\personal function library\\nixie_tube.c 0x00000000   Number         0  nixie_tube.o ABSOLUTE
    ..\\personal function library\\pit.c     0x00000000   Number         0  pit.o ABSOLUTE
    ..\\personal function library\\systick.c 0x00000000   Number         0  systick.o ABSOLUTE
    ..\\personal function library\\uart.c    0x00000000   Number         0  uart.o ABSOLUTE
    ..\personal function library\adc.c       0x00000000   Number         0  adc.o ABSOLUTE
    ..\personal function library\dac.c       0x00000000   Number         0  dac.o ABSOLUTE
    ..\personal function library\general_function.c 0x00000000   Number         0  general_function.o ABSOLUTE
    ..\personal function library\interrupt.c 0x00000000   Number         0  interrupt.o ABSOLUTE
    ..\personal function library\key.c       0x00000000   Number         0  key.o ABSOLUTE
    ..\personal function library\led.c       0x00000000   Number         0  led.o ABSOLUTE
    ..\personal function library\nixie_tube.c 0x00000000   Number         0  nixie_tube.o ABSOLUTE
    ..\personal function library\pit.c       0x00000000   Number         0  pit.o ABSOLUTE
    ..\personal function library\systick.c   0x00000000   Number         0  systick.o ABSOLUTE
    ..\personal function library\uart.c      0x00000000   Number         0  uart.o ABSOLUTE
    RTE\Device\MK60DN512xxx10\startup_MK60D10.s 0x00000000   Number         0  startup_mk60d10.o ABSOLUTE
    RTE\Device\MK60DN512xxx10\system_MK60D10.c 0x00000000   Number         0  system_mk60d10.o ABSOLUTE
    RTE\\Device\\MK60DN512xxx10\\system_MK60D10.c 0x00000000   Number         0  system_mk60d10.o ABSOLUTE
    dc.s                                     0x00000000   Number         0  dc.o ABSOLUTE
    handlers.s                               0x00000000   Number         0  handlers.o ABSOLUTE
    init.s                                   0x00000000   Number         0  init.o ABSOLUTE
    .ARM.__at_0x400                          0x00000400   Section       16  startup_mk60d10.o(.ARM.__at_0x400)
    .ARM.Collect$$$$00000000                 0x00000410   Section        0  entry.o(.ARM.Collect$$$$00000000)
    .ARM.Collect$$$$00000001                 0x00000410   Section        4  entry2.o(.ARM.Collect$$$$00000001)
    .ARM.Collect$$$$00000004                 0x00000414   Section        4  entry5.o(.ARM.Collect$$$$00000004)
    .ARM.Collect$$$$00000008                 0x00000418   Section        0  entry7b.o(.ARM.Collect$$$$00000008)
    .ARM.Collect$$$$0000000A                 0x00000418   Section        0  entry8b.o(.ARM.Collect$$$$0000000A)
    .ARM.Collect$$$$0000000B                 0x00000418   Section        8  entry9a.o(.ARM.Collect$$$$0000000B)
    .ARM.Collect$$$$0000000D                 0x00000420   Section        0  entry10a.o(.ARM.Collect$$$$0000000D)
    .ARM.Collect$$$$0000000F                 0x00000420   Section        0  entry11a.o(.ARM.Collect$$$$0000000F)
    .ARM.Collect$$$$00002712                 0x00000420   Section        4  entry2.o(.ARM.Collect$$$$00002712)
    __lit__00000000                          0x00000420   Data           4  entry2.o(.ARM.Collect$$$$00002712)
    .text                                    0x00000424   Section       36  startup_mk60d10.o(.text)
    .text                                    0x00000448   Section        0  strlen.o(.text)
    .text                                    0x00000458   Section       36  init.o(.text)
    i.Init_Led                               0x0000047c   Section        0  led.o(i.Init_Led)
    i.Key_Scan                               0x000004d4   Section        0  key.o(i.Key_Scan)
    i.PORTC_IRQHandler                       0x000005a4   Section        0  interrupt.o(i.PORTC_IRQHandler)
    i.Pit_Delay_ms                           0x0000087c   Section        0  pit.o(i.Pit_Delay_ms)
    i.SystemInit                             0x000008f8   Section        0  system_mk60d10.o(i.SystemInit)
    i.Toggle_Led_Num                         0x0000095c   Section        0  led.o(i.Toggle_Led_Num)
    i.UART2_RX_TX_IRQHandler                 0x0000097c   Section        0  interrupt.o(i.UART2_RX_TX_IRQHandler)
    i.UART2_ReceiveChar                      0x0000098c   Section        0  uart.o(i.UART2_ReceiveChar)
    i.UART2_TransmitChar                     0x000009a4   Section        0  uart.o(i.UART2_TransmitChar)
    i.UART2_TransmitString                   0x000009bc   Section        0  uart.o(i.UART2_TransmitString)
    i.__scatterload_copy                     0x000009da   Section       14  handlers.o(i.__scatterload_copy)
    i.__scatterload_null                     0x000009e8   Section        2  handlers.o(i.__scatterload_null)
    i.__scatterload_zeroinit                 0x000009ea   Section       14  handlers.o(i.__scatterload_zeroinit)
    i.main                                   0x000009f8   Section        0  main.o(i.main)
    .constdata                               0x00000a12   Section        4  key.o(.constdata)
    .data                                    0x20000000   Section       38  main.o(.data)
    .bss                                     0x20000028   Section       20  key.o(.bss)
    STACK                                    0x20000040   Section     1024  startup_mk60d10.o(STACK)

    Global Symbols

    Symbol Name                              Value     Ov Type        Size  Object(Section)

    BuildAttributes$$THM_ISAv4$E$P$D$K$B$S$7EM$PE$A:L22UL41UL21$X:L11$S22US41US21$IEEE1$IW$USESV6$~STKCKD$USESV7$~SHL$OSPACE$EBA8$MICROLIB$REQ8$PRES8$EABIv2 0x00000000   Number         0  anon$$obj.o ABSOLUTE
    __ARM_use_no_argv                        0x00000000   Number         0  main.o ABSOLUTE
    __Vectors                                0x00000000   Data           4  startup_mk60d10.o(RESET)
    __cpp_initialize__aeabi_                  - Undefined Weak Reference
    __cxa_finalize                            - Undefined Weak Reference
    __decompress                              - Undefined Weak Reference
    _clock_init                               - Undefined Weak Reference
    _microlib_exit                            - Undefined Weak Reference
    __Vectors_End                            0x00000400   Data           0  startup_mk60d10.o(RESET)
    __Vectors_Size                           0x00000400   Number         0  startup_mk60d10.o ABSOLUTE
    __main                                   0x00000411   Thumb Code     0  entry.o(.ARM.Collect$$$$00000000)
    _main_stk                                0x00000411   Thumb Code     0  entry2.o(.ARM.Collect$$$$00000001)
    _main_scatterload                        0x00000415   Thumb Code     0  entry5.o(.ARM.Collect$$$$00000004)
    __main_after_scatterload                 0x00000419   Thumb Code     0  entry5.o(.ARM.Collect$$$$00000004)
    _main_clock                              0x00000419   Thumb Code     0  entry7b.o(.ARM.Collect$$$$00000008)
    _main_cpp_init                           0x00000419   Thumb Code     0  entry8b.o(.ARM.Collect$$$$0000000A)
    _main_init                               0x00000419   Thumb Code     0  entry9a.o(.ARM.Collect$$$$0000000B)
    __rt_final_cpp                           0x00000421   Thumb Code     0  entry10a.o(.ARM.Collect$$$$0000000D)
    __rt_final_exit                          0x00000421   Thumb Code     0  entry11a.o(.ARM.Collect$$$$0000000F)
    Reset_Handler                            0x00000425   Thumb Code     8  startup_mk60d10.o(.text)
    NMI_Handler                              0x0000042d   Thumb Code     2  startup_mk60d10.o(.text)
    HardFault_Handler                        0x0000042f   Thumb Code     2  startup_mk60d10.o(.text)
    MemManage_Handler                        0x00000431   Thumb Code     2  startup_mk60d10.o(.text)
    BusFault_Handler                         0x00000433   Thumb Code     2  startup_mk60d10.o(.text)
    UsageFault_Handler                       0x00000435   Thumb Code     2  startup_mk60d10.o(.text)
    SVC_Handler                              0x00000437   Thumb Code     2  startup_mk60d10.o(.text)
    DebugMon_Handler                         0x00000439   Thumb Code     2  startup_mk60d10.o(.text)
    PendSV_Handler                           0x0000043b   Thumb Code     2  startup_mk60d10.o(.text)
    SysTick_Handler                          0x0000043d   Thumb Code     2  startup_mk60d10.o(.text)
    ADC0_IRQHandler                          0x0000043f   Thumb Code     0  startup_mk60d10.o(.text)
    ADC1_IRQHandler                          0x0000043f   Thumb Code     0  startup_mk60d10.o(.text)
    CAN0_Bus_Off_IRQHandler                  0x0000043f   Thumb Code     0  startup_mk60d10.o(.text)
    CAN0_Error_IRQHandler                    0x0000043f   Thumb Code     0  startup_mk60d10.o(.text)
    CAN0_ORed_Message_buffer_IRQHandler      0x0000043f   Thumb Code     0  startup_mk60d10.o(.text)
    CAN0_Rx_Warning_IRQHandler               0x0000043f   Thumb Code     0  startup_mk60d10.o(.text)
    CAN0_Tx_Warning_IRQHandler               0x0000043f   Thumb Code     0  startup_mk60d10.o(.text)
    CAN0_Wake_Up_IRQHandler                  0x0000043f   Thumb Code     0  startup_mk60d10.o(.text)
    CAN1_Bus_Off_IRQHandler                  0x0000043f   Thumb Code     0  startup_mk60d10.o(.text)
    CAN1_Error_IRQHandler                    0x0000043f   Thumb Code     0  startup_mk60d10.o(.text)
    CAN1_ORed_Message_buffer_IRQHandler      0x0000043f   Thumb Code     0  startup_mk60d10.o(.text)
    CAN1_Rx_Warning_IRQHandler               0x0000043f   Thumb Code     0  startup_mk60d10.o(.text)
    CAN1_Tx_Warning_IRQHandler               0x0000043f   Thumb Code     0  startup_mk60d10.o(.text)
    CAN1_Wake_Up_IRQHandler                  0x0000043f   Thumb Code     0  startup_mk60d10.o(.text)
    CMP0_IRQHandler                          0x0000043f   Thumb Code     0  startup_mk60d10.o(.text)
    CMP1_IRQHandler                          0x0000043f   Thumb Code     0  startup_mk60d10.o(.text)
    CMP2_IRQHandler                          0x0000043f   Thumb Code     0  startup_mk60d10.o(.text)
    CMT_IRQHandler                           0x0000043f   Thumb Code     0  startup_mk60d10.o(.text)
    DAC0_IRQHandler                          0x0000043f   Thumb Code     0  startup_mk60d10.o(.text)
    DAC1_IRQHandler                          0x0000043f   Thumb Code     0  startup_mk60d10.o(.text)
    DMA0_IRQHandler                          0x0000043f   Thumb Code     0  startup_mk60d10.o(.text)
    DMA10_IRQHandler                         0x0000043f   Thumb Code     0  startup_mk60d10.o(.text)
    DMA11_IRQHandler                         0x0000043f   Thumb Code     0  startup_mk60d10.o(.text)
    DMA12_IRQHandler                         0x0000043f   Thumb Code     0  startup_mk60d10.o(.text)
    DMA13_IRQHandler                         0x0000043f   Thumb Code     0  startup_mk60d10.o(.text)
    DMA14_IRQHandler                         0x0000043f   Thumb Code     0  startup_mk60d10.o(.text)
    DMA15_IRQHandler                         0x0000043f   Thumb Code     0  startup_mk60d10.o(.text)
    DMA1_IRQHandler                          0x0000043f   Thumb Code     0  startup_mk60d10.o(.text)
    DMA2_IRQHandler                          0x0000043f   Thumb Code     0  startup_mk60d10.o(.text)
    DMA3_IRQHandler                          0x0000043f   Thumb Code     0  startup_mk60d10.o(.text)
    DMA4_IRQHandler                          0x0000043f   Thumb Code     0  startup_mk60d10.o(.text)
    DMA5_IRQHandler                          0x0000043f   Thumb Code     0  startup_mk60d10.o(.text)
    DMA6_IRQHandler                          0x0000043f   Thumb Code     0  startup_mk60d10.o(.text)
    DMA7_IRQHandler                          0x0000043f   Thumb Code     0  startup_mk60d10.o(.text)
    DMA8_IRQHandler                          0x0000043f   Thumb Code     0  startup_mk60d10.o(.text)
    DMA9_IRQHandler                          0x0000043f   Thumb Code     0  startup_mk60d10.o(.text)
    DMA_Error_IRQHandler                     0x0000043f   Thumb Code     0  startup_mk60d10.o(.text)
    DefaultISR                               0x0000043f   Thumb Code     0  startup_mk60d10.o(.text)
    ENET_1588_Timer_IRQHandler               0x0000043f   Thumb Code     0  startup_mk60d10.o(.text)
    ENET_Error_IRQHandler                    0x0000043f   Thumb Code     0  startup_mk60d10.o(.text)
    ENET_Receive_IRQHandler                  0x0000043f   Thumb Code     0  startup_mk60d10.o(.text)
    ENET_Transmit_IRQHandler                 0x0000043f   Thumb Code     0  startup_mk60d10.o(.text)
    FTFL_IRQHandler                          0x0000043f   Thumb Code     0  startup_mk60d10.o(.text)
    FTM0_IRQHandler                          0x0000043f   Thumb Code     0  startup_mk60d10.o(.text)
    FTM1_IRQHandler                          0x0000043f   Thumb Code     0  startup_mk60d10.o(.text)
    FTM2_IRQHandler                          0x0000043f   Thumb Code     0  startup_mk60d10.o(.text)
    I2C0_IRQHandler                          0x0000043f   Thumb Code     0  startup_mk60d10.o(.text)
    I2C1_IRQHandler                          0x0000043f   Thumb Code     0  startup_mk60d10.o(.text)
    I2S0_Rx_IRQHandler                       0x0000043f   Thumb Code     0  startup_mk60d10.o(.text)
    I2S0_Tx_IRQHandler                       0x0000043f   Thumb Code     0  startup_mk60d10.o(.text)
    LLW_IRQHandler                           0x0000043f   Thumb Code     0  startup_mk60d10.o(.text)
    LPTimer_IRQHandler                       0x0000043f   Thumb Code     0  startup_mk60d10.o(.text)
    LVD_LVW_IRQHandler                       0x0000043f   Thumb Code     0  startup_mk60d10.o(.text)
    MCG_IRQHandler                           0x0000043f   Thumb Code     0  startup_mk60d10.o(.text)
    MCM_IRQHandler                           0x0000043f   Thumb Code     0  startup_mk60d10.o(.text)
    PDB0_IRQHandler                          0x0000043f   Thumb Code     0  startup_mk60d10.o(.text)
    PIT0_IRQHandler                          0x0000043f   Thumb Code     0  startup_mk60d10.o(.text)
    PIT1_IRQHandler                          0x0000043f   Thumb Code     0  startup_mk60d10.o(.text)
    PIT2_IRQHandler                          0x0000043f   Thumb Code     0  startup_mk60d10.o(.text)
    PIT3_IRQHandler                          0x0000043f   Thumb Code     0  startup_mk60d10.o(.text)
    PORTA_IRQHandler                         0x0000043f   Thumb Code     0  startup_mk60d10.o(.text)
    PORTB_IRQHandler                         0x0000043f   Thumb Code     0  startup_mk60d10.o(.text)
    PORTD_IRQHandler                         0x0000043f   Thumb Code     0  startup_mk60d10.o(.text)
    PORTE_IRQHandler                         0x0000043f   Thumb Code     0  startup_mk60d10.o(.text)
    RNG_IRQHandler                           0x0000043f   Thumb Code     0  startup_mk60d10.o(.text)
    RTC_IRQHandler                           0x0000043f   Thumb Code     0  startup_mk60d10.o(.text)
    RTC_Seconds_IRQHandler                   0x0000043f   Thumb Code     0  startup_mk60d10.o(.text)
    Read_Collision_IRQHandler                0x0000043f   Thumb Code     0  startup_mk60d10.o(.text)
    Reserved102_IRQHandler                   0x0000043f   Thumb Code     0  startup_mk60d10.o(.text)
    Reserved108_IRQHandler                   0x0000043f   Thumb Code     0  startup_mk60d10.o(.text)
    Reserved109_IRQHandler                   0x0000043f   Thumb Code     0  startup_mk60d10.o(.text)
    Reserved111_IRQHandler                   0x0000043f   Thumb Code     0  startup_mk60d10.o(.text)
    Reserved112_IRQHandler                   0x0000043f   Thumb Code     0  startup_mk60d10.o(.text)
    Reserved113_IRQHandler                   0x0000043f   Thumb Code     0  startup_mk60d10.o(.text)
    Reserved114_IRQHandler                   0x0000043f   Thumb Code     0  startup_mk60d10.o(.text)
    Reserved115_IRQHandler                   0x0000043f   Thumb Code     0  startup_mk60d10.o(.text)
    Reserved116_IRQHandler                   0x0000043f   Thumb Code     0  startup_mk60d10.o(.text)
    Reserved117_IRQHandler                   0x0000043f   Thumb Code     0  startup_mk60d10.o(.text)
    Reserved118_IRQHandler                   0x0000043f   Thumb Code     0  startup_mk60d10.o(.text)
    Reserved119_IRQHandler                   0x0000043f   Thumb Code     0  startup_mk60d10.o(.text)
    Reserved59_IRQHandler                    0x0000043f   Thumb Code     0  startup_mk60d10.o(.text)
    Reserved95_IRQHandler                    0x0000043f   Thumb Code     0  startup_mk60d10.o(.text)
    SDHC_IRQHandler                          0x0000043f   Thumb Code     0  startup_mk60d10.o(.text)
    SPI0_IRQHandler                          0x0000043f   Thumb Code     0  startup_mk60d10.o(.text)
    SPI1_IRQHandler                          0x0000043f   Thumb Code     0  startup_mk60d10.o(.text)
    SPI2_IRQHandler                          0x0000043f   Thumb Code     0  startup_mk60d10.o(.text)
    SWI_IRQHandler                           0x0000043f   Thumb Code     0  startup_mk60d10.o(.text)
    TSI0_IRQHandler                          0x0000043f   Thumb Code     0  startup_mk60d10.o(.text)
    UART0_ERR_IRQHandler                     0x0000043f   Thumb Code     0  startup_mk60d10.o(.text)
    UART0_LON_IRQHandler                     0x0000043f   Thumb Code     0  startup_mk60d10.o(.text)
    UART0_RX_TX_IRQHandler                   0x0000043f   Thumb Code     0  startup_mk60d10.o(.text)
    UART1_ERR_IRQHandler                     0x0000043f   Thumb Code     0  startup_mk60d10.o(.text)
    UART1_RX_TX_IRQHandler                   0x0000043f   Thumb Code     0  startup_mk60d10.o(.text)
    UART2_ERR_IRQHandler                     0x0000043f   Thumb Code     0  startup_mk60d10.o(.text)
    UART3_ERR_IRQHandler                     0x0000043f   Thumb Code     0  startup_mk60d10.o(.text)
    UART3_RX_TX_IRQHandler                   0x0000043f   Thumb Code     0  startup_mk60d10.o(.text)
    UART4_ERR_IRQHandler                     0x0000043f   Thumb Code     0  startup_mk60d10.o(.text)
    UART4_RX_TX_IRQHandler                   0x0000043f   Thumb Code     0  startup_mk60d10.o(.text)
    UART5_ERR_IRQHandler                     0x0000043f   Thumb Code     0  startup_mk60d10.o(.text)
    UART5_RX_TX_IRQHandler                   0x0000043f   Thumb Code     0  startup_mk60d10.o(.text)
    USB0_IRQHandler                          0x0000043f   Thumb Code     0  startup_mk60d10.o(.text)
    USBDCD_IRQHandler                        0x0000043f   Thumb Code     0  startup_mk60d10.o(.text)
    Watchdog_IRQHandler                      0x0000043f   Thumb Code     0  startup_mk60d10.o(.text)
    strlen                                   0x00000449   Thumb Code    14  strlen.o(.text)
    __scatterload                            0x00000459   Thumb Code    28  init.o(.text)
    __scatterload_rt2                        0x00000459   Thumb Code     0  init.o(.text)
    Init_Led                                 0x0000047d   Thumb Code    72  led.o(i.Init_Led)
    Key_Scan                                 0x000004d5   Thumb Code   196  key.o(i.Key_Scan)
    PORTC_IRQHandler                         0x000005a5   Thumb Code   702  interrupt.o(i.PORTC_IRQHandler)
    Pit_Delay_ms                             0x0000087d   Thumb Code   110  pit.o(i.Pit_Delay_ms)
    SystemInit                               0x000008f9   Thumb Code    88  system_mk60d10.o(i.SystemInit)
    Toggle_Led_Num                           0x0000095d   Thumb Code    24  led.o(i.Toggle_Led_Num)
    UART2_RX_TX_IRQHandler                   0x0000097d   Thumb Code    12  interrupt.o(i.UART2_RX_TX_IRQHandler)
    UART2_ReceiveChar                        0x0000098d   Thumb Code    20  uart.o(i.UART2_ReceiveChar)
    UART2_TransmitChar                       0x000009a5   Thumb Code    20  uart.o(i.UART2_TransmitChar)
    UART2_TransmitString                     0x000009bd   Thumb Code    30  uart.o(i.UART2_TransmitString)
    __scatterload_copy                       0x000009db   Thumb Code    14  handlers.o(i.__scatterload_copy)
    __scatterload_null                       0x000009e9   Thumb Code     2  handlers.o(i.__scatterload_null)
    __scatterload_zeroinit                   0x000009eb   Thumb Code    14  handlers.o(i.__scatterload_zeroinit)
    main                                     0x000009f9   Thumb Code    26  main.o(i.main)
    Key_Matrix_Scan_Sequence                 0x00000a12   Data           4  key.o(.constdata)
    Region$$Table$$Base                      0x00000a18   Number         0  anon$$obj.o(Region$$Table)
    Region$$Table$$Limit                     0x00000a38   Number         0  anon$$obj.o(Region$$Table)
    ShowNum                                  0x20000000   Data           4  main.o(.data)
    Count_State                              0x20000004   Data           1  main.o(.data)
    SendMessage                              0x20000005   Data          32  main.o(.data)
    StartSend                                0x20000025   Data           1  main.o(.data)
    Key_Flag                                 0x20000028   Data          20  key.o(.bss)
    __initial_sp                             0x20000440   Data           0  startup_mk60d10.o(STACK)



==============================================================================

Memory Map of the image

  Image Entry point : 0x00000411

  Load Region LR_IROM1 (Base: 0x00000000, Size: 0x00000a60, Max: 0x00080000, ABSOLUTE)

    Execution Region ER_IROM1 (Base: 0x00000000, Size: 0x00000a38, Max: 0x00080000, ABSOLUTE)

    Base Addr    Size         Type   Attr      Idx    E Section Name        Object

    0x00000000   0x00000400   Data   RO          440    RESET               startup_mk60d10.o
    0x00000400   0x00000010   Code   RO          441    .ARM.__at_0x400     startup_mk60d10.o
    0x00000410   0x00000000   Code   RO          484  * .ARM.Collect$$$$00000000  mc_w.l(entry.o)
    0x00000410   0x00000004   Code   RO          489    .ARM.Collect$$$$00000001  mc_w.l(entry2.o)
    0x00000414   0x00000004   Code   RO          492    .ARM.Collect$$$$00000004  mc_w.l(entry5.o)
    0x00000418   0x00000000   Code   RO          494    .ARM.Collect$$$$00000008  mc_w.l(entry7b.o)
    0x00000418   0x00000000   Code   RO          496    .ARM.Collect$$$$0000000A  mc_w.l(entry8b.o)
    0x00000418   0x00000008   Code   RO          497    .ARM.Collect$$$$0000000B  mc_w.l(entry9a.o)
    0x00000420   0x00000000   Code   RO          499    .ARM.Collect$$$$0000000D  mc_w.l(entry10a.o)
    0x00000420   0x00000000   Code   RO          501    .ARM.Collect$$$$0000000F  mc_w.l(entry11a.o)
    0x00000420   0x00000004   Code   RO          490    .ARM.Collect$$$$00002712  mc_w.l(entry2.o)
    0x00000424   0x00000024   Code   RO          442    .text               startup_mk60d10.o
    0x00000448   0x0000000e   Code   RO          487    .text               mc_w.l(strlen.o)
    0x00000456   0x00000002   PAD
    0x00000458   0x00000024   Code   RO          503    .text               mc_w.l(init.o)
    0x0000047c   0x00000058   Code   RO          158    i.Init_Led          led.o
    0x000004d4   0x000000d0   Code   RO          196    i.Key_Scan          key.o
    0x000005a4   0x000002d8   Code   RO          243    i.PORTC_IRQHandler  interrupt.o
    0x0000087c   0x0000007c   Code   RO          375    i.Pit_Delay_ms      pit.o
    0x000008f8   0x00000064   Code   RO          452    i.SystemInit        system_mk60d10.o
    0x0000095c   0x00000020   Code   RO          160    i.Toggle_Led_Num    led.o
    0x0000097c   0x00000010   Code   RO          244    i.UART2_RX_TX_IRQHandler  interrupt.o
    0x0000098c   0x00000018   Code   RO          334    i.UART2_ReceiveChar  uart.o
    0x000009a4   0x00000018   Code   RO          335    i.UART2_TransmitChar  uart.o
    0x000009bc   0x0000001e   Code   RO          336    i.UART2_TransmitString  uart.o
    0x000009da   0x0000000e   Code   RO          507    i.__scatterload_copy  mc_w.l(handlers.o)
    0x000009e8   0x00000002   Code   RO          508    i.__scatterload_null  mc_w.l(handlers.o)
    0x000009ea   0x0000000e   Code   RO          509    i.__scatterload_zeroinit  mc_w.l(handlers.o)
    0x000009f8   0x0000001a   Code   RO            4    i.main              main.o
    0x00000a12   0x00000004   Data   RO          198    .constdata          key.o
    0x00000a16   0x00000002   PAD
    0x00000a18   0x00000020   Data   RO          505    Region$$Table       anon$$obj.o


    Execution Region RW_IRAM1 (Base: 0x20000000, Size: 0x00000440, Max: 0x00010000, ABSOLUTE)

    Base Addr    Size         Type   Attr      Idx    E Section Name        Object

    0x20000000   0x00000026   Data   RW            5    .data               main.o
    0x20000026   0x00000002   PAD
    0x20000028   0x00000014   Zero   RW          197    .bss                key.o
    0x2000003c   0x00000004   PAD
    0x20000040   0x00000400   Zero   RW          438    STACK               startup_mk60d10.o


==============================================================================

Image component sizes


      Code (inc. data)   RO Data    RW Data    ZI Data      Debug   Object Name

       744         30          0          0          0       1628   interrupt.o
       208         12          4          0         20       1327   key.o
       120         24          0          0          0       1040   led.o
        26          0          0         38          0       5711   main.o
       124         14          0          0          0        575   pit.o
        52         24       1024          0       1024       1028   startup_mk60d10.o
       100         12          0          0          0        509   system_mk60d10.o
        78          8          0          0          0       1612   uart.o

    ----------------------------------------------------------------------
      1452        124       1062         40       1048      13430   Object Totals
         0          0         32          0          0          0   (incl. Generated)
         0          0          2          2          4          0   (incl. Padding)

    ----------------------------------------------------------------------

      Code (inc. data)   RO Data    RW Data    ZI Data      Debug   Library Member Name

         0          0          0          0          0          0   entry.o
         0          0          0          0          0          0   entry10a.o
         0          0          0          0          0          0   entry11a.o
         8          4          0          0          0          0   entry2.o
         4          0          0          0          0          0   entry5.o
         0          0          0          0          0          0   entry7b.o
         0          0          0          0          0          0   entry8b.o
         8          4          0          0          0          0   entry9a.o
        30          0          0          0          0          0   handlers.o
        36          8          0          0          0         68   init.o
        14          0          0          0          0         68   strlen.o

    ----------------------------------------------------------------------
       102         16          0          0          0        136   Library Totals
         2          0          0          0          0          0   (incl. Padding)

    ----------------------------------------------------------------------

      Code (inc. data)   RO Data    RW Data    ZI Data      Debug   Library Name

       100         16          0          0          0        136   mc_w.l

    ----------------------------------------------------------------------
       102         16          0          0          0        136   Library Totals

    ----------------------------------------------------------------------

==============================================================================


      Code (inc. data)   RO Data    RW Data    ZI Data      Debug   

      1554        140       1062         40       1048      13302   Grand Totals
      1554        140       1062         40       1048      13302   ELF Image Totals
      1554        140       1062         40          0          0   ROM Totals

==============================================================================

    Total RO  Size (Code + RO Data)                 2616 (   2.55kB)
    Total RW  Size (RW Data + ZI Data)              1088 (   1.06kB)
    Total ROM Size (Code + RO Data + RW Data)       2656 (   2.59kB)

==============================================================================

