<html>
<body>
<pre>
<h1>礦ision Build Log</h1>
<h2>Tool Versions:</h2>
IDE-Version: μVision V5.16a
Copyright (C) 2015 ARM Ltd and ARM Germany GmbH. All rights reserved.
License Information:  ,  , LIC=MPPLQ-NEZCN-9UR4U-S4U0W-CJLCG-77677
 
Tool Versions:
Toolchain:       MDK-ARM Standard  Version: 5.16a
Toolchain Path:  D:\Software\Keil 516a\ARM\ARMCC\Bin
C Compiler:      Armcc.exe V5.06 (build 20)
Assembler:       Armasm.exe V5.06 (build 20)
Linker/Locator:  ArmLink.exe V5.06 (build 20)
Library Manager: ArmAr.exe V5.06 (build 20)
Hex Converter:   FromElf.exe V5.06 (build 20)
CPU DLL:         SARMCM3.DLL V5.16a
Dialog DLL:      DCM.DLL V1.13.2.0
Target DLL:      PEMicro\Pemicro_ArmCortexInterface.dll V1.11
Dialog DLL:      TCM.DLL V1.14.5.0
 
<h2>Project:</h2>
E:\学习工作资料\大三上\微机\毛玉良\个人学习\Test_Project\Test_Project.uvprojx
Project File Date:  10/06/2019

<h2>Output:</h2>
*** Using Compiler 'V5.06 (build 20)', folder: 'D:\Software\Keil 516a\ARM\ARMCC\Bin'
Build target 'Test_Project'
compiling key.c...
linking...
Program Size: Code=532 RO-data=1040 RW-data=0 ZI-data=1024  
FromELF: creating hex file...
".\Objects\Test_Project.axf" - 0 Error(s), 0 Warning(s).

<h2>Software Packages used:</h2>

Package Vendor: ARM
                http://www.keil.com/pack/ARM.CMSIS.4.3.0.pack
                ARM::CMSIS:CORE:4.1.0
                CMSIS (Cortex Microcontroller Software Interface Standard)
   * Component: CORE Version: 4.1.0

Package Vendor: Keil
                http://www.keil.com/pack/Keil.Kinetis_K60_DFP.1.5.0.pack
                Keil::Device:Startup:1.0.0
                NXP Kinetis K60 Series Device Support and Examples
   * Component: Startup Version: 1.0.0

<h2>Collection of Component include folders:</h2>
  E:\学习工作资料\大三上\微机\毛玉良\个人学习\Test_Project\RTE
  D:\Software\Keil 516a\ARM\PACK\ARM\CMSIS\4.3.0\CMSIS\Include
  D:\Software\Keil 516a\ARM\PACK\Keil\Kinetis_K60_DFP\1.5.0\Device\Include

<h2>Collection of Component Files used:</h2>

   * Component: ARM::CMSIS:CORE:4.1.0

   * Component: Keil::Device:Startup:1.0.0
      Source file:   Device\Source\system_MK60D10.c
      Source file:   Device\Source\ARM\startup_MK60D10.s
Build Time Elapsed:  00:00:00
</pre>
</body>
</html>
